[ Tpreproc "xml" "version="1.0" encoding="UTF-8"" 
, Ttext "\xd" 
, Tin "CATALOG" 
, TinC "CATALOG" 
, Ttext "\xd
        " 
, Tin "CD" 
, TinC "CD" 
, Ttext "\xd
          " 
, Tin "TITLE" 
, TinC "TITLE" 
, Ttext "Empire Burlesque" 
, Tout "TITLE" 
, Ttext "\xd
          " 
, Tin "ARTIST" 
, TinC "ARTIST" 
, Ttext "Bob Dylan" 
, Tout "ARTIST" 
, Ttext "\xd
          " 
, Tin "COUNTRY" 
, TinC "COUNTRY" 
, Ttext "USA" 
, Tout "COUNTRY" 
, Ttext "\xd
          " 
, Tin "COMPANY" 
, TinC "COMPANY" 
, Ttext "Columbia" 
, Tout "COMPANY" 
, Ttext "\xd
          " 
, Tin "PRICE" 
, TinC "PRICE" 
, Ttext "10.90" 
, Tout "PRICE" 
, Ttext "\xd
          " 
, Tin "YEAR" 
, TinC "YEAR" 
, Ttext "1985" 
, Tout "YEAR" 
, Ttext "\xd
        " 
, Tout "CD" 
, Ttext "\xd
        " 
, Tin "CD" 
, TinC "CD" 
, Ttext "\xd
          " 
, Tin "TITLE" 
, TinC "TITLE" 
, Ttext "Hide your heart" 
, Tout "TITLE" 
, Ttext "\xd
          " 
, Tin "ARTIST" 
, TinC "ARTIST" 
, Ttext "Bonnie Tyler" 
, Tout "ARTIST" 
, Ttext "\xd
          " 
, Tin "COUNTRY" 
, TinC "COUNTRY" 
, Ttext "UK" 
, Tout "COUNTRY" 
, Ttext "\xd
          " 
, Tin "COMPANY" 
, TinC "COMPANY" 
, Ttext "CBS Records" 
, Tout "COMPANY" 
, Ttext "\xd
          " 
, Tin "PRICE" 
, TinC "PRICE" 
, Ttext "9.90" 
, Tout "PRICE" 
, Ttext "\xd
          " 
, Tin "YEAR" 
, TinC "YEAR" 
, Ttext "1988" 
, Tout "YEAR" 
, Ttext "\xd
        " 
, Tout "CD" 
, Ttext "\xd
        " 
, Tin "CD" 
, TinC "CD" 
, Ttext "\xd
          " 
, Tin "TITLE" 
, TinC "TITLE" 
, Ttext "Greatest Hits" 
, Tout "TITLE" 
, Ttext "\xd
          " 
, Tin "ARTIST" 
, TinC "ARTIST" 
, Ttext "Dolly Parton" 
, Tout "ARTIST" 
, Ttext "\xd
          " 
, Tin "COUNTRY" 
, TinC "COUNTRY" 
, Ttext "USA" 
, Tout "COUNTRY" 
, Ttext "\xd
          " 
, Tin "COMPANY" 
, TinC "COMPANY" 
, Ttext "RCA" 
, Tout "COMPANY" 
, Ttext "\xd
          " 
, Tin "PRICE" 
, TinC "PRICE" 
, Ttext "9.90" 
, Tout "PRICE" 
, Ttext "\xd
          " 
, Tin "YEAR" 
, TinC "YEAR" 
, Ttext "1982" 
, Tout "YEAR" 
, Ttext "\xd
        " 
, Tout "CD" 
, Ttext "\xd
        " 
, Tin "CD" 
, TinC "CD" 
, Ttext "\xd
          " 
, Tin "TITLE" 
, TinC "TITLE" 
, Ttext "Still got the blues" 
, Tout "TITLE" 
, Ttext "\xd
          " 
, Tin "ARTIST" 
, TinC "ARTIST" 
, Ttext "Gary Moore" 
, Tout "ARTIST" 
, Ttext "\xd
          " 
, Tin "COUNTRY" 
, TinC "COUNTRY" 
, Ttext "UK" 
, Tout "COUNTRY" 
, Ttext "\xd
          " 
, Tin "COMPANY" 
, TinC "COMPANY" 
, Ttext "Virgin records" 
, Tout "COMPANY" 
, Ttext "\xd
          " 
, Tin "PRICE" 
, TinC "PRICE" 
, Ttext "10.20" 
, Tout "PRICE" 
, Ttext "\xd
          " 
, Tin "YEAR" 
, TinC "YEAR" 
, Ttext "1990" 
, Tout "YEAR" 
, Ttext "\xd
        " 
, Tout "CD" 
, Ttext "\xd
        " 
, Tin "CD" 
, TinC "CD" 
, Ttext "\xd
          " 
, Tin "TITLE" 
, TinC "TITLE" 
, Ttext "Eros" 
, Tout "TITLE" 
, Ttext "\xd
          " 
, Tin "ARTIST" 
, TinC "ARTIST" 
, Ttext "Eros Ramazzotti" 
, Tout "ARTIST" 
, Ttext "\xd
          " 
, Tin "COUNTRY" 
, TinC "COUNTRY" 
, Ttext "EU" 
, Tout "COUNTRY" 
, Ttext "\xd
          " 
, Tin "COMPANY" 
, TinC "COMPANY" 
, Ttext "BMG" 
, Tout "COMPANY" 
, Ttext "\xd
          " 
, Tin "PRICE" 
, TinC "PRICE" 
, Ttext "9.90" 
, Tout "PRICE" 
, Ttext "\xd
          " 
, Tin "YEAR" 
, TinC "YEAR" 
, Ttext "1997" 
, Tout "YEAR" 
, Ttext "\xd
        " 
, Tout "CD" 
, Ttext "\xd
        " 
, Tin "CD" 
, TinC "CD" 
, Ttext "\xd
          " 
, Tin "TITLE" 
, TinC "TITLE" 
, Ttext "One night only" 
, Tout "TITLE" 
, Ttext "\xd
          " 
, Tin "ARTIST" 
, TinC "ARTIST" 
, Ttext "Bee Gees" 
, Tout "ARTIST" 
, Ttext "\xd
          " 
, Tin "COUNTRY" 
, TinC "COUNTRY" 
, Ttext "UK" 
, Tout "COUNTRY" 
, Ttext "\xd
          " 
, Tin "COMPANY" 
, TinC "COMPANY" 
, Ttext "Polydor" 
, Tout "COMPANY" 
, Ttext "\xd
          " 
, Tin "PRICE" 
, TinC "PRICE" 
, Ttext "10.90" 
, Tout "PRICE" 
, Ttext "\xd
          " 
, Tin "YEAR" 
, TinC "YEAR" 
, Ttext "1998" 
, Tout "YEAR" 
, Ttext "\xd
        " 
, Tout "CD" 
, Ttext "\xd
        " 
, Tin "CD" 
, TinC "CD" 
, Ttext "\xd
          " 
, Tin "TITLE" 
, TinC "TITLE" 
, Ttext "Sylvias Mother" 
, Tout "TITLE" 
, Ttext "\xd
          " 
, Tin "ARTIST" 
, TinC "ARTIST" 
, Ttext "Dr.Hook" 
, Tout "ARTIST" 
, Ttext "\xd
          " 
, Tin "COUNTRY" 
, TinC "COUNTRY" 
, Ttext "UK" 
, Tout "COUNTRY" 
, Ttext "\xd
          " 
, Tin "COMPANY" 
, TinC "COMPANY" 
, Ttext "CBS" 
, Tout "COMPANY" 
, Ttext "\xd
          " 
, Tin "PRICE" 
, TinC "PRICE" 
, Ttext "8.10" 
, Tout "PRICE" 
, Ttext "\xd
          " 
, Tin "YEAR" 
, TinC "YEAR" 
, Ttext "1973" 
, Tout "YEAR" 
, Ttext "\xd
        " 
, Tout "CD" 
, Ttext "\xd
        " 
, Tin "CD" 
, TinC "CD" 
, Ttext "\xd
          " 
, Tin "TITLE" 
, TinC "TITLE" 
, Ttext "Maggie May" 
, Tout "TITLE" 
, Ttext "\xd
          " 
, Tin "ARTIST" 
, TinC "ARTIST" 
, Ttext "Rod Stewart" 
, Tout "ARTIST" 
, Ttext "\xd
          " 
, Tin "COUNTRY" 
, TinC "COUNTRY" 
, Ttext "UK" 
, Tout "COUNTRY" 
, Ttext "\xd
          " 
, Tin "COMPANY" 
, TinC "COMPANY" 
, Ttext "Pickwick" 
, Tout "COMPANY" 
, Ttext "\xd
          " 
, Tin "PRICE" 
, TinC "PRICE" 
, Ttext "8.50" 
, Tout "PRICE" 
, Ttext "\xd
          " 
, Tin "YEAR" 
, TinC "YEAR" 
, Ttext "1990" 
, Tout "YEAR" 
, Ttext "\xd
        " 
, Tout "CD" 
, Ttext "\xd
        " 
, Tin "CD" 
, TinC "CD" 
, Ttext "\xd
          " 
, Tin "TITLE" 
, TinC "TITLE" 
, Ttext "Romanza" 
, Tout "TITLE" 
, Ttext "\xd
          " 
, Tin "ARTIST" 
, TinC "ARTIST" 
, Ttext "Andrea Bocelli" 
, Tout "ARTIST" 
, Ttext "\xd
          " 
, Tin "COUNTRY" 
, TinC "COUNTRY" 
, Ttext "EU" 
, Tout "COUNTRY" 
, Ttext "\xd
          " 
, Tin "COMPANY" 
, TinC "COMPANY" 
, Ttext "Polydor" 
, Tout "COMPANY" 
, Ttext "\xd
          " 
, Tin "PRICE" 
, TinC "PRICE" 
, Ttext "10.80" 
, Tout "PRICE" 
, Ttext "\xd
          " 
, Tin "YEAR" 
, TinC "YEAR" 
, Ttext "1996" 
, Tout "YEAR" 
, Ttext "\xd
        " 
, Tout "CD" 
, Ttext "\xd
        " 
, Tin "CD" 
, TinC "CD" 
, Ttext "\xd
          " 
, Tin "TITLE" 
, TinC "TITLE" 
, Ttext "When a man loves a woman" 
, Tout "TITLE" 
, Ttext "\xd
          " 
, Tin "ARTIST" 
, TinC "ARTIST" 
, Ttext "Percy Sledge" 
, Tout "ARTIST" 
, Ttext "\xd
          " 
, Tin "COUNTRY" 
, TinC "COUNTRY" 
, Ttext "USA" 
, Tout "COUNTRY" 
, Ttext "\xd
          " 
, Tin "COMPANY" 
, TinC "COMPANY" 
, Ttext "Atlantic" 
, Tout "COMPANY" 
, Ttext "\xd
          " 
, Tin "PRICE" 
, TinC "PRICE" 
, Ttext "8.70" 
, Tout "PRICE" 
, Ttext "\xd
          " 
, Tin "YEAR" 
, TinC "YEAR" 
, Ttext "1987" 
, Tout "YEAR" 
, Ttext "\xd
        " 
, Tout "CD" 
, Ttext "\xd
        " 
, Tin "CD" 
, TinC "CD" 
, Ttext "\xd
          " 
, Tin "TITLE" 
, TinC "TITLE" 
, Ttext "Black angel" 
, Tout "TITLE" 
, Ttext "\xd
          " 
, Tin "ARTIST" 
, TinC "ARTIST" 
, Ttext "Savage Rose" 
, Tout "ARTIST" 
, Ttext "\xd
          " 
, Tin "COUNTRY" 
, TinC "COUNTRY" 
, Ttext "EU" 
, Tout "COUNTRY" 
, Ttext "\xd
          " 
, Tin "COMPANY" 
, TinC "COMPANY" 
, Ttext "Mega" 
, Tout "COMPANY" 
, Ttext "\xd
          " 
, Tin "PRICE" 
, TinC "PRICE" 
, Ttext "10.90" 
, Tout "PRICE" 
, Ttext "\xd
          " 
, Tin "YEAR" 
, TinC "YEAR" 
, Ttext "1995" 
, Tout "YEAR" 
, Ttext "\xd
        " 
, Tout "CD" 
, Ttext "\xd
        " 
, Tin "CD" 
, TinC "CD" 
, Ttext "\xd
          " 
, Tin "TITLE" 
, TinC "TITLE" 
, Ttext "1999 Grammy Nominees" 
, Tout "TITLE" 
, Ttext "\xd
          " 
, Tin "ARTIST" 
, TinC "ARTIST" 
, Ttext "Many" 
, Tout "ARTIST" 
, Ttext "\xd
          " 
, Tin "COUNTRY" 
, TinC "COUNTRY" 
, Ttext "USA" 
, Tout "COUNTRY" 
, Ttext "\xd
          " 
, Tin "COMPANY" 
, TinC "COMPANY" 
, Ttext "Grammy" 
, Tout "COMPANY" 
, Ttext "\xd
          " 
, Tin "PRICE" 
, TinC "PRICE" 
, Ttext "10.20" 
, Tout "PRICE" 
, Ttext "\xd
          " 
, Tin "YEAR" 
, TinC "YEAR" 
, Ttext "1999" 
, Tout "YEAR" 
, Ttext "\xd
        " 
, Tout "CD" 
, Ttext "\xd
        " 
, Tin "CD" 
, TinC "CD" 
, Ttext "\xd
          " 
, Tin "TITLE" 
, TinC "TITLE" 
, Ttext "For the good times" 
, Tout "TITLE" 
, Ttext "\xd
          " 
, Tin "ARTIST" 
, TinC "ARTIST" 
, Ttext "Kenny Rogers" 
, Tout "ARTIST" 
, Ttext "\xd
          " 
, Tin "COUNTRY" 
, TinC "COUNTRY" 
, Ttext "UK" 
, Tout "COUNTRY" 
, Ttext "\xd
          " 
, Tin "COMPANY" 
, TinC "COMPANY" 
, Ttext "Mucik Master" 
, Tout "COMPANY" 
, Ttext "\xd
          " 
, Tin "PRICE" 
, TinC "PRICE" 
, Ttext "8.70" 
, Tout "PRICE" 
, Ttext "\xd
          " 
, Tin "YEAR" 
, TinC "YEAR" 
, Ttext "1995" 
, Tout "YEAR" 
, Ttext "\xd
        " 
, Tout "CD" 
, Ttext "\xd
        " 
, Tin "CD" 
, TinC "CD" 
, Ttext "\xd
          " 
, Tin "TITLE" 
, TinC "TITLE" 
, Ttext "Big Willie style" 
, Tout "TITLE" 
, Ttext "\xd
          " 
, Tin "ARTIST" 
, TinC "ARTIST" 
, Ttext "Will Smith" 
, Tout "ARTIST" 
, Ttext "\xd
          " 
, Tin "COUNTRY" 
, TinC "COUNTRY" 
, Ttext "USA" 
, Tout "COUNTRY" 
, Ttext "\xd
          " 
, Tin "COMPANY" 
, TinC "COMPANY" 
, Ttext "Columbia" 
, Tout "COMPANY" 
, Ttext "\xd
          " 
, Tin "PRICE" 
, TinC "PRICE" 
, Ttext "9.90" 
, Tout "PRICE" 
, Ttext "\xd
          " 
, Tin "YEAR" 
, TinC "YEAR" 
, Ttext "1997" 
, Tout "YEAR" 
, Ttext "\xd
        " 
, Tout "CD" 
, Ttext "\xd
        " 
, Tin "CD" 
, TinC "CD" 
, Ttext "\xd
          " 
, Tin "TITLE" 
, TinC "TITLE" 
, Ttext "Tupelo Honey" 
, Tout "TITLE" 
, Ttext "\xd
          " 
, Tin "ARTIST" 
, TinC "ARTIST" 
, Ttext "Van Morrison" 
, Tout "ARTIST" 
, Ttext "\xd
          " 
, Tin "COUNTRY" 
, TinC "COUNTRY" 
, Ttext "UK" 
, Tout "COUNTRY" 
, Ttext "\xd
          " 
, Tin "COMPANY" 
, TinC "COMPANY" 
, Ttext "Polydor" 
, Tout "COMPANY" 
, Ttext "\xd
          " 
, Tin "PRICE" 
, TinC "PRICE" 
, Ttext "8.20" 
, Tout "PRICE" 
, Ttext "\xd
          " 
, Tin "YEAR" 
, TinC "YEAR" 
, Ttext "1971" 
, Tout "YEAR" 
, Ttext "\xd
        " 
, Tout "CD" 
, Ttext "\xd
        " 
, Tin "CD" 
, TinC "CD" 
, Ttext "\xd
          " 
, Tin "TITLE" 
, TinC "TITLE" 
, Ttext "Soulsville" 
, Tout "TITLE" 
, Ttext "\xd
          " 
, Tin "ARTIST" 
, TinC "ARTIST" 
, Ttext "Jorn Hoel" 
, Tout "ARTIST" 
, Ttext "\xd
          " 
, Tin "COUNTRY" 
, TinC "COUNTRY" 
, Ttext "Norway" 
, Tout "COUNTRY" 
, Ttext "\xd
          " 
, Tin "COMPANY" 
, TinC "COMPANY" 
, Ttext "WEA" 
, Tout "COMPANY" 
, Ttext "\xd
          " 
, Tin "PRICE" 
, TinC "PRICE" 
, Ttext "7.90" 
, Tout "PRICE" 
, Ttext "\xd
          " 
, Tin "YEAR" 
, TinC "YEAR" 
, Ttext "1996" 
, Tout "YEAR" 
, Ttext "\xd
        " 
, Tout "CD" 
, Ttext "\xd
        " 
, Tin "CD" 
, TinC "CD" 
, Ttext "\xd
          " 
, Tin "TITLE" 
, TinC "TITLE" 
, Ttext "The very best of" 
, Tout "TITLE" 
, Ttext "\xd
          " 
, Tin "ARTIST" 
, TinC "ARTIST" 
, Ttext "Cat Stevens" 
, Tout "ARTIST" 
, Ttext "\xd
          " 
, Tin "COUNTRY" 
, TinC "COUNTRY" 
, Ttext "UK" 
, Tout "COUNTRY" 
, Ttext "\xd
          " 
, Tin "COMPANY" 
, TinC "COMPANY" 
, Ttext "Island" 
, Tout "COMPANY" 
, Ttext "\xd
          " 
, Tin "PRICE" 
, TinC "PRICE" 
, Ttext "8.90" 
, Tout "PRICE" 
, Ttext "\xd
          " 
, Tin "YEAR" 
, TinC "YEAR" 
, Ttext "1990" 
, Tout "YEAR" 
, Ttext "\xd
        " 
, Tout "CD" 
, Ttext "\xd
        " 
, Tin "CD" 
, TinC "CD" 
, Ttext "\xd
          " 
, Tin "TITLE" 
, TinC "TITLE" 
, Ttext "Stop" 
, Tout "TITLE" 
, Ttext "\xd
          " 
, Tin "ARTIST" 
, TinC "ARTIST" 
, Ttext "Sam Brown" 
, Tout "ARTIST" 
, Ttext "\xd
          " 
, Tin "COUNTRY" 
, TinC "COUNTRY" 
, Ttext "UK" 
, Tout "COUNTRY" 
, Ttext "\xd
          " 
, Tin "COMPANY" 
, TinC "COMPANY" 
, Ttext "A and M" 
, Tout "COMPANY" 
, Ttext "\xd
          " 
, Tin "PRICE" 
, TinC "PRICE" 
, Ttext "8.90" 
, Tout "PRICE" 
, Ttext "\xd
          " 
, Tin "YEAR" 
, TinC "YEAR" 
, Ttext "1988" 
, Tout "YEAR" 
, Ttext "\xd
        " 
, Tout "CD" 
, Ttext "\xd
        " 
, Tin "CD" 
, TinC "CD" 
, Ttext "\xd
          " 
, Tin "TITLE" 
, TinC "TITLE" 
, Ttext "Bridge of Spies" 
, Tout "TITLE" 
, Ttext "\xd
          " 
, Tin "ARTIST" 
, TinC "ARTIST" 
, Ttext "T'Pau" 
, Tout "ARTIST" 
, Ttext "\xd
          " 
, Tin "COUNTRY" 
, TinC "COUNTRY" 
, Ttext "UK" 
, Tout "COUNTRY" 
, Ttext "\xd
          " 
, Tin "COMPANY" 
, TinC "COMPANY" 
, Ttext "Siren" 
, Tout "COMPANY" 
, Ttext "\xd
          " 
, Tin "PRICE" 
, TinC "PRICE" 
, Ttext "7.90" 
, Tout "PRICE" 
, Ttext "\xd
          " 
, Tin "YEAR" 
, TinC "YEAR" 
, Ttext "1987" 
, Tout "YEAR" 
, Ttext "\xd
        " 
, Tout "CD" 
, Ttext "\xd
        " 
, Tin "CD" 
, TinC "CD" 
, Ttext "\xd
          " 
, Tin "TITLE" 
, TinC "TITLE" 
, Ttext "Private Dancer" 
, Tout "TITLE" 
, Ttext "\xd
          " 
, Tin "ARTIST" 
, TinC "ARTIST" 
, Ttext "Tina Turner" 
, Tout "ARTIST" 
, Ttext "\xd
          " 
, Tin "COUNTRY" 
, TinC "COUNTRY" 
, Ttext "UK" 
, Tout "COUNTRY" 
, Ttext "\xd
          " 
, Tin "COMPANY" 
, TinC "COMPANY" 
, Ttext "Capitol" 
, Tout "COMPANY" 
, Ttext "\xd
          " 
, Tin "PRICE" 
, TinC "PRICE" 
, Ttext "8.90" 
, Tout "PRICE" 
, Ttext "\xd
          " 
, Tin "YEAR" 
, TinC "YEAR" 
, Ttext "1983" 
, Tout "YEAR" 
, Ttext "\xd
        " 
, Tout "CD" 
, Ttext "\xd
        " 
, Tin "CD" 
, TinC "CD" 
, Ttext "\xd
          " 
, Tin "TITLE" 
, TinC "TITLE" 
, Ttext "Midt om natten" 
, Tout "TITLE" 
, Ttext "\xd
          " 
, Tin "ARTIST" 
, TinC "ARTIST" 
, Ttext "Kim Larsen" 
, Tout "ARTIST" 
, Ttext "\xd
          " 
, Tin "COUNTRY" 
, TinC "COUNTRY" 
, Ttext "EU" 
, Tout "COUNTRY" 
, Ttext "\xd
          " 
, Tin "COMPANY" 
, TinC "COMPANY" 
, Ttext "Medley" 
, Tout "COMPANY" 
, Ttext "\xd
          " 
, Tin "PRICE" 
, TinC "PRICE" 
, Ttext "7.80" 
, Tout "PRICE" 
, Ttext "\xd
          " 
, Tin "YEAR" 
, TinC "YEAR" 
, Ttext "1983" 
, Tout "YEAR" 
, Ttext "\xd
        " 
, Tout "CD" 
, Ttext "\xd
        " 
, Tin "CD" 
, TinC "CD" 
, Ttext "\xd
          " 
, Tin "TITLE" 
, TinC "TITLE" 
, Ttext "Pavarotti Gala Concert" 
, Tout "TITLE" 
, Ttext "\xd
          " 
, Tin "ARTIST" 
, TinC "ARTIST" 
, Ttext "Luciano Pavarotti" 
, Tout "ARTIST" 
, Ttext "\xd
          " 
, Tin "COUNTRY" 
, TinC "COUNTRY" 
, Ttext "UK" 
, Tout "COUNTRY" 
, Ttext "\xd
          " 
, Tin "COMPANY" 
, TinC "COMPANY" 
, Ttext "DECCA" 
, Tout "COMPANY" 
, Ttext "\xd
          " 
, Tin "PRICE" 
, TinC "PRICE" 
, Ttext "9.90" 
, Tout "PRICE" 
, Ttext "\xd
          " 
, Tin "YEAR" 
, TinC "YEAR" 
, Ttext "1991" 
, Tout "YEAR" 
, Ttext "\xd
        " 
, Tout "CD" 
, Ttext "\xd
        " 
, Tin "CD" 
, TinC "CD" 
, Ttext "\xd
          " 
, Tin "TITLE" 
, TinC "TITLE" 
, Ttext "The dock of the bay" 
, Tout "TITLE" 
, Ttext "\xd
          " 
, Tin "ARTIST" 
, TinC "ARTIST" 
, Ttext "Otis Redding" 
, Tout "ARTIST" 
, Ttext "\xd
          " 
, Tin "COUNTRY" 
, TinC "COUNTRY" 
, Ttext "USA" 
, Tout "COUNTRY" 
, Ttext "\xd
          " 
, Tin "COMPANY" 
, TinC "COMPANY" 
, Ttext "Stax Records" 
, Tout "COMPANY" 
, Ttext "\xd
          " 
, Tin "PRICE" 
, TinC "PRICE" 
, Ttext "7.90" 
, Tout "PRICE" 
, Ttext "\xd
          " 
, Tin "YEAR" 
, TinC "YEAR" 
, Ttext "1968" 
, Tout "YEAR" 
, Ttext "\xd
        " 
, Tout "CD" 
, Ttext "\xd
        " 
, Tin "CD" 
, TinC "CD" 
, Ttext "\xd
          " 
, Tin "TITLE" 
, TinC "TITLE" 
, Ttext "Picture book" 
, Tout "TITLE" 
, Ttext "\xd
          " 
, Tin "ARTIST" 
, TinC "ARTIST" 
, Ttext "Simply Red" 
, Tout "ARTIST" 
, Ttext "\xd
          " 
, Tin "COUNTRY" 
, TinC "COUNTRY" 
, Ttext "EU" 
, Tout "COUNTRY" 
, Ttext "\xd
          " 
, Tin "COMPANY" 
, TinC "COMPANY" 
, Ttext "Elektra" 
, Tout "COMPANY" 
, Ttext "\xd
          " 
, Tin "PRICE" 
, TinC "PRICE" 
, Ttext "7.20" 
, Tout "PRICE" 
, Ttext "\xd
          " 
, Tin "YEAR" 
, TinC "YEAR" 
, Ttext "1985" 
, Tout "YEAR" 
, Ttext "\xd
        " 
, Tout "CD" 
, Ttext "\xd
        " 
, Tin "CD" 
, TinC "CD" 
, Ttext "\xd
          " 
, Tin "TITLE" 
, TinC "TITLE" 
, Ttext "Red" 
, Tout "TITLE" 
, Ttext "\xd
          " 
, Tin "ARTIST" 
, TinC "ARTIST" 
, Ttext "The Communards" 
, Tout "ARTIST" 
, Ttext "\xd
          " 
, Tin "COUNTRY" 
, TinC "COUNTRY" 
, Ttext "UK" 
, Tout "COUNTRY" 
, Ttext "\xd
          " 
, Tin "COMPANY" 
, TinC "COMPANY" 
, Ttext "London" 
, Tout "COMPANY" 
, Ttext "\xd
          " 
, Tin "PRICE" 
, TinC "PRICE" 
, Ttext "7.80" 
, Tout "PRICE" 
, Ttext "\xd
          " 
, Tin "YEAR" 
, TinC "YEAR" 
, Ttext "1987" 
, Tout "YEAR" 
, Ttext "\xd
        " 
, Tout "CD" 
, Ttext "\xd
        " 
, Tin "CD" 
, TinC "CD" 
, Ttext "\xd
          " 
, Tin "TITLE" 
, TinC "TITLE" 
, Ttext "Unchain my heart" 
, Tout "TITLE" 
, Ttext "\xd
          " 
, Tin "ARTIST" 
, TinC "ARTIST" 
, Ttext "Joe Cocker" 
, Tout "ARTIST" 
, Ttext "\xd
          " 
, Tin "COUNTRY" 
, TinC "COUNTRY" 
, Ttext "USA" 
, Tout "COUNTRY" 
, Ttext "\xd
          " 
, Tin "COMPANY" 
, TinC "COMPANY" 
, Ttext "EMI" 
, Tout "COMPANY" 
, Ttext "\xd
          " 
, Tin "PRICE" 
, TinC "PRICE" 
, Ttext "8.20" 
, Tout "PRICE" 
, Ttext "\xd
          " 
, Tin "YEAR" 
, TinC "YEAR" 
, Ttext "1987" 
, Tout "YEAR" 
, Ttext "\xd
        " 
, Tout "CD" 
, Ttext "\xd" 
, Tout "CATALOG" 
] 