[ Tpreproc "xml" "version="1.0" encoding="UTF-8"" 
, Ttext "\xd" 
, Tin "breakfast_menu" 
, TinC "breakfast_menu" 
, Ttext "\xd
        " 
, Tin "food" 
, TinC "food" 
, Ttext "\xd
          " 
, Tin "name" 
, TinC "name" 
, Ttext "Belgian Waffles" 
, Tout "name" 
, Ttext "\xd
          " 
, Tin "price" 
, TinC "price" 
, Ttext "$5.95" 
, Tout "price" 
, Ttext "\xd
          " 
, Tin "description" 
, TinC "description" 
, Ttext "Two of our famous Belgian Waffles with plenty of real maple syrup" 
, Tout "description" 
, Ttext "\xd
          " 
, Tin "calories" 
, TinC "calories" 
, Ttext "650" 
, Tout "calories" 
, Ttext "\xd
        " 
, Tout "food" 
, Ttext "\xd
        " 
, Tin "food" 
, TinC "food" 
, Ttext "\xd
          " 
, Tin "name" 
, TinC "name" 
, Ttext "Strawberry Belgian Waffles" 
, Tout "name" 
, Ttext "\xd
          " 
, Tin "price" 
, TinC "price" 
, Ttext "$7.95" 
, Tout "price" 
, Ttext "\xd
          " 
, Tin "description" 
, TinC "description" 
, Ttext "Light Belgian waffles covered with strawberries and whipped cream" 
, Tout "description" 
, Ttext "\xd
          " 
, Tin "calories" 
, TinC "calories" 
, Ttext "900" 
, Tout "calories" 
, Ttext "\xd
        " 
, Tout "food" 
, Ttext "\xd
        " 
, Tin "food" 
, TinC "food" 
, Ttext "\xd
          " 
, Tin "name" 
, TinC "name" 
, Ttext "Berry-Berry Belgian Waffles" 
, Tout "name" 
, Ttext "\xd
          " 
, Tin "price" 
, TinC "price" 
, Ttext "$8.95" 
, Tout "price" 
, Ttext "\xd
          " 
, Tin "description" 
, TinC "description" 
, Ttext "Light Belgian waffles covered with an assortment of fresh berries and whipped cream" 
, Tout "description" 
, Ttext "\xd
          " 
, Tin "calories" 
, TinC "calories" 
, Ttext "900" 
, Tout "calories" 
, Ttext "\xd
        " 
, Tout "food" 
, Ttext "\xd
        " 
, Tin "food" 
, TinC "food" 
, Ttext "\xd
          " 
, Tin "name" 
, TinC "name" 
, Ttext "French Toast" 
, Tout "name" 
, Ttext "\xd
          " 
, Tin "price" 
, TinC "price" 
, Ttext "$4.50" 
, Tout "price" 
, Ttext "\xd
          " 
, Tin "description" 
, TinC "description" 
, Ttext "Thick slices made from our homemade sourdough bread" 
, Tout "description" 
, Ttext "\xd
          " 
, Tin "calories" 
, TinC "calories" 
, Ttext "600" 
, Tout "calories" 
, Ttext "\xd
        " 
, Tout "food" 
, Ttext "\xd
        " 
, Tin "food" 
, TinC "food" 
, Ttext "\xd
          " 
, Tin "name" 
, TinC "name" 
, Ttext "Homestyle Breakfast" 
, Tout "name" 
, Ttext "\xd
          " 
, Tin "price" 
, TinC "price" 
, Ttext "$6.95" 
, Tout "price" 
, Ttext "\xd
          " 
, Tin "description" 
, TinC "description" 
, Ttext "Two eggs, bacon or sausage, toast, and our ever-popular hash browns" 
, Tout "description" 
, Ttext "\xd
          " 
, Tin "calories" 
, TinC "calories" 
, Ttext "950" 
, Tout "calories" 
, Ttext "\xd
        " 
, Tout "food" 
, Ttext "\xd" 
, Tout "breakfast_menu" 
] 