[ "Bloodroot"
, "Marsh Marigold"
, "Cowslip"
, "Hepatica"
, "Liverleaf"
, "Jack-In-The-Pulpit"
, "Violet, Dog-Tooth"
, "Trout Lily"
, "Adder's-Tongue"
, "Bee Balm"
, "Bergamot"
, "Buttercup"
, "Crowfoot"
, "Gentian"
, "Blue Gentian"
]