[ "Bloodroot"
, "Columbine"
, "Marsh Marigold"
, "Cowslip"
, "Dutchman's-Breeches"
, "Ginger, Wild"
, "Hepatica"
, "Liverleaf"
, "Jack-In-The-Pulpit"
, "Mayapple"
, "Phlox, Woodland"
, "Phlox, Blue"
, "Spring-Beauty"
, "Trillium"
, "Wake Robin"
, "Violet, Dog-Tooth"
, "Trout Lily"
, "Adder's-Tongue"
, "Anemone"
, "Grecian Windflower"
, "Bee Balm"
, "Bergamot"
, "Black-Eyed Susan"
, "Buttercup"
, "Crowfoot"
, "Butterfly Weed"
, "Cinquefoil"
, "Primrose"
, "Gentian"
, "Blue Gentian"
, "Jacob's Ladder"
, "Greek Valerian"
, "California Poppy"
, "Shooting Star"
, "Snakeroot"
, "Cardinal Flower"
]